<?xml version="1.0" encoding="UTF-8"?>
<testsuites name="jest tests" tests="1" failures="0" errors="0" time="1.136">
  <testsuite name="src/App.test.js" errors="0" failures="0" skipped="0" timestamp="2025-10-12T17:18:30" time="0.462" tests="1">
    <testcase classname="-renders learn react link" name="-renders learn react link" time="0.016">
    </testcase>
  </testsuite>
</testsuites>